>>> say_my_name = __import__('3-say_my_name').say_my_name

>>> say_my_name(32, "Hamilton")
Traceback (most recent call last):
TypeError: first_name must be a string

>>> say_my_name(71)
Traceback (most recent call last):
TypeError: first_name must be a string

>>> say_my_name()
Traceback (most recent call last):
TypeError: say_my_name() missing 1 required positional argument: 'first_name'

>>> say_my_name("E", "D", "C")
Traceback (most recent call last):
TypeError: say_my_name() takes from 1 to 2 positional arguments but 3 were given

>>> say_my_name("Ajax", "Hamilton")
My name is Ajax Hamilton

>>> say_my_name("Ajax")
My name is Ajax 

>>> say_my_name("Ajax", 42)
Traceback (most recent call last):
TypeError: last_name must be a string
